_VALID_AZ09_USER = Idatzi %s baliogarria. %d karaktere baino gehiago eta 0-9, a-z, A-Z
_CMN_YES = Bai
_CMN_NO = Ez
_CMN_PDF = PDF
_CMN_NEXT_ARROW = >>
_CMN_PREV_ARROW = <<
_MB_BACK = <
_MB_SHOWING = Erakusten
_MB_OF = -ren artean
_MB_NOTEXISTFEATURE = ez dago. Ezaugarri hau ez da onartzen.
_MB_FIELD = Eremua
_MB_EMAIL = Emaila
_MB_TO = Hartzailea
_MB_FOOTER = Azpialdea
_KMS_TY_BUDGETS = Aurrekontuak
_KMS_TY_DATACENTER = Datu-zentroa
_KMS_TY_ISP_HOSTINGS = Hostingak
_KMS_TY_MENUS = Menuak
_FOLDER_ID = Karpetaren ID-a
_MOD_SENDING = Bidaltzen...
_TASKS_TXT_PAUSED = Geratuta
_TICKETS_CREATED_BY = Sortua
_TICKETS_SR_ASSIGNED_TO = Esleitua
_KMS_CONTACTS_EMAIL = Emaila
_KMS_ = KMS
_KMS_PARTNERS_COMMENTS = Iruzkinak
_ERROR_ALREADYSENT = Mezua dagoeneko bidalia izan da. Berriro bidali nahi baduzue, egoera berria itzuli.
_KMS_PARTNERS_VR_EMAIL = Emaila
_KMS_MAILING_TEMPLATES_FOOTER = Azpialdea
_KMS_MAILING_TEMPLATES_FONT = Letra-tipoa
_KMS_SERVICES_WEBMAIL = Webmaila
_KMS_GL_EMAIL = Emaila
_KMS_MAIL_SENDCONFIG_ALTA = Zuenei jakinarazten dizuegu zure Intergrid-eko kontu berria erabilgarri dagoela.
_KMS_MAIL_SENDCONFIG_THANKS = Zuen fidantzia eskertzen dugu gure zerbitzuak erabiltzeagatik
_KMS_GL_PRIORITY = Lehenetsitakoia
_KMS_GL_ASSIGNED = Esleitua
_KMS_GL_FAX = Faxa
_KMS_GL_WEB = Webgunea
_KMS_GL_ROLE = Kargua
_KMS_GL_MENU = Menua
_KMS_ERP_CONTRACTS_SR_OBJECT = SR Objektua
_KMS_MAIL_SENDCONFIG_REMOTESERVICE = Zalantza edo arazorik izanez gero, erabil ezazu <strong>laguntza-sistema</strong> Intergrid-eko Kudeaketa Taulan.
_KMS_GL_CENTERPAGE = Erdiratua
_KMS_SERVICES_FAMILY = Familia
_KMS_PICTURES_ALBUM = Albuma
_KMS_GL_SENDEMAIL_KO = Datuak bidaltzean errorea egon da
_KMS_HOSTS_VNC_CONSOLE_PORT = VNC Portua
_KMS_HOSTS_DATACENTER = Datu-zentroa
_KMS_TY_SITES_BLOG = Bloga
_KMS_TY_SITES_MENUS = Menuak
_KMS_WEB_SITES_ROBOTS = Robotak
_KMS_WEB_SITES_LOGO = Logotipoa
_KMS_WEB_SITES_FOOTER = Azpialdea
_KMS_WEB_SITES_COPYRIGHT = Copyright
_KMS_WEB_LANG_ES = Espainiera
_KMS_WEB_LANG_EN = Ingelesa
_KMS_WEB_BLOGS_POSTS_TAGS = Etiketak
_KMS_WEB_BLOGS_POSTS_KARMA = Karma
_KMS_WEB_BLOGS_POSTS_BLOGID = Bloga
_KMS_MAILING_SENT_AND_PROCESSING = Bidalia. Prozesatzen...
_KMS_MAILING_SENDING = Bidaltzen...
_KMS_WEB_BLOG_COMMENTOK = Zure iruzkina ondo txertatu da.
_KMS_GL_POWEREDBY = Potentziatuta: 
_KMS_WEB_LINKS_FAVICO = FavIcon
_KMS_ERP_CONTRACTS_BILL_PERIOD_TEMP = Zbk. Fact. (Tarteko)
_KMS_ENTITIES_LOGO = Logotipoa
_KMS_WEB_ECOM_CURRENCY_EURO = Euroa - EUR
_KMS_WEB_ECOM_CURRENCY_USD = Dolarra - USD
_KMS_WEB_ECOM_OPT_COLOR = Kolorea
_KMS_WEB_ECOM_CHECKOUT_PAYMENTMETHOD_PAYPAL = PayPal
_KMS_WEB_USER_EMAIL = Emaila
_KMS_WEB_USER_ACCEPTLEGAL1 = Bai, irakurri eta onartu dut
_KMS_WEB_USER_PERSONALDATA = Datu pertsonalak
_KMS_WEB_USER_CONFIRMDELETE2 = Baieztatu nahi dut kontua ezabatu nahi duzula
_KMS_WEB_USER_USEREXISTS = It seems that there is already a user with this email.
_KMS_WEB_USER_ACCOUNTCONFIRMED = Zure erregistroa baieztatu da. Orain zure kontura sartu dezakezu.
_KMS_WEB_USER_THANKSCONTACT = Eskerrik asko gurekin harremanetan jartzeko.<br>Zurekin harremanetan jarriko gara laster.
_KMS_WEB_USER_ACCOUNTREMOVECONFIRM2_ADMIN = has been removed.
_KMS_WEB_USER_ERROR_UPDATEUSER = Zure kontua eguneratzean errore bat egon da. Mesedez, jar zaitez webgunearen administratzailearekin harremanetan.
_KMS_WEB_FIRM = --Zure sinadura
_KMS_WEB_ECOM_EURO = €
_KMS_WEB_USER_FAQ = FAQuestions
_KMS_WEB_ECOM_SHOWING = Erakusten
_PROGRAMACION_IMG1 = Irudi 1
_KMS_PROGRAMACION_IMG2 = Irudi 2
_KMS_PROGRAMACION_VIDEO1 = Bideo 1
_KMS_MENUS_OPEN_ON = Ireki
_KMS_MAILINGS_ERROR_NOTEMPLATE = Errorea: ez dago txantiloi bat definituta posta honentzako.
_KMS_WEB_SITES_FB_API_KEY = Facebook Api Key
_KMS_WEB_SITES_TWITTER_API_CONSUMER_KEY = Twitter Api Consumer Key
_KMS_WEB_SITES_TWITTER_API_CONSUMER_SECRET = Twitter Api Secret Key
_KMS_WEB_SITES_GOOGLE_ANALYTICS_API_KEY = Google Analytics Api Key
_KMS_ECOM_PRODUCTS_FAMILY = Familia
_KMS_ECOM_PRODUCT_SUBFAMILY = Subfamilia
_KMS_CONTACTS_CONTACT_ROLE = Kargua
_KMS_ARTISTS_ARTIST_URL = URL
_KMS_CONTACTS_CLIENTS_NIF = CIF
_KMS_TY_LIB_AUDIO = Audio MP3
_KMS_WEB_SEARCH_NORESULTS = Ez daude bat datozenik
_KMS_ERP_INVOICES_VR_PAYMENT_METHOD = F
_KMS_WEB_FORM_NAME_EMAIL = Mesedez, sartu zure izena eta emaila
_KMS_CLIENTS_STATUS_INACTIVE = Desaktibatua
_KMS_ECOM_COUNTRIES_AREA = Eremua
_KMS_WEB_USER_SUBSCRIBEDTO = <p><strong>Mila esker zure albiste-buletinera harpidetzagatik.</strong></p><p>Gogoratu harpidetza eten dezakezula betiko eduki horietako albisteak bidaltzen dizkiguten posten azpian dagoen estekaren bidez.</p><p>&nbsp;</p>
_KMS_PICTURES_ALBUM_ID = Albuma
_KMS_GROUPS_ALL = Guztiak
_KMS_GL_PVP = Prezioa
_KMS_GL_SUBFAMILY = Subfamilia
_KMS_ERP_INVOICES_SENDING_LOG_SENT_TO = Honek bidalia:
_KMS_ERP_INVOICES_SENDING_LOG_SENT_CC = Kopiatu honi:
_KMS_ERP_INVOICES_SENDING_LOG_TOTAL = Guztira fakturatuak
_KMS_ERP_REPORTS_INVOICE_COMPTE_EMPRESA = ES48 2100 3264 01 2200119765 (SWIFT:&nbsp;<span>CAIXESBBXXX)</span>
_KMS_ERP_REPORTS_INVOICE_BILLING_COMUNICATION = Jakinarazi nahi dizuegu INTERGRID SL-k eskainitako zerbitzuei buruzko faktura bidalita izan dela.
_KMS_ERP_INVOICES_SENDING_LOG_PAYMENT_METHOD = MP
_KMS_ERP_INCOICES_SENDING_LOG_SR_CLIENT = ID
_KMS_CONTACTS_MOVE_HELPTIP = Korreo helbide hauetako kontaktuak hautatu eta bakarrik hautatutako taldeari esleituko zaizkie.
_KMS_GL_DUPLICATED = Bikoiztua
_KMS_CONTACTS_ALREADYEXISTS = Kontaktua dagoeneko existitzen da.
_KMS_CONTACTS_NOTEXISTS = Kontaktua ez da existitzen.
_KMS_SERVICES_DB_ACCESS = PHPMyAdmin kudeatzeko eta datu-baseak sortu eta editatzeko eta Tauler&nbsp;de Kontrolatik sartzeko aukera izango duzue.
_KMS_ISP_HOSTINGS_F_DATACENTER = Datu zentroa
_KMS_ISP_HOSTINGS_F_TERMS = Zerbitzuren baldintzak
_KMS_WEB_MENU_BLOG = Bloga
_KMS_ECOM_SUBFAMILIES_FAMILY = Familia
_KMS_ECOM_PRODUCTS_COLOR = Kolorea
_KMS_ECOM_PRODUCTS_MATERIAL = Materiala
_KMS_MAIL_SENDCONFIG_FTP_HELPTIP = FTP nagusiaren inguruko fitxategiak webgunean argitaratzeko baimena du.
_KMS_MAIL_SENDCONFIG_CP_HELPTIP = Intergrid Tauler&nbsp;de Kontrolatik domeinuak, ostatuak, posta kontuak, bidalitako fakturak atzitu, bezeroen datuak eguneratu eta laguntza-sistema erabil ditzakezue.
_KMS_CONTACTS_IMPORTXLSFILE_INFO = Excel formatuko kontaktuak inportatzeko, lehenengoa egin behar da hurrengo estekatik egindako fitxategiaren egitura deskargatu: 
_KMS_GL_EMAIL3 = Email 3
_KMS_GL_EMAIL2 = Email 2
_KMS_IMARK_MAILINGS_SHOW_BRANDNAME = "Intergrid" erakutsi marka bezala
_KMS_GL_FAMILY = Familia
_KMS_TY_ARCHIVE = Bilduma
_KMS_PICTURES_GALLERIES_ERROR1 = Bilatzen duzun galeria ez dago.
_KMS_WEB_ECOM_REQUEST_FORM_TEXT = Mesedez, bete hurrengo formularioa eta har soon harremanetan jarriko gara zurekin.
_KMS_WEB_LANG_DE = Deutsch
_KMS_WEB_LANG_IT = Italiano
_KMS_GL_GLOBAL = Globala
_KMS_TY_WEB_BLOGS = Blogak
_KMS_TY_ECOMMERCE = E-commerce
_KMS_TY_LIB_MEDIA = Media
_KMS_TY_AGENDA = Agenda
_KMS_TY_WEBMAIL = Webmail
_KMS_TY_HOSTING = Hostinga
_KMS_TY_ISP_DOKUWIKI = Dokuwiki
_KMS_TY_SYS_EXTRANET = Extranet
_KMS_TY_ERP_ACCOUNTING_PLANS = Kontu planak
_KMS_TY_ERP_ACCOUNTING_BOOKENTRIES = Itzulpenak
_KMS_TY_SITES_BLOGS = Blogak
_KMS_TY_SITES_THEMES = Grafika gaia
_KMS_ISP_CLIENTS_CIF = CIF
_KMS_ISP_HOSTINGS_PLANS_SUBFAMILY_ID = Familia
_KMS_CLIENTS_RESELLER = Bereganatzailea
_KMS_GL_STATUS_BAIXA = Baja
_KMS_GL_STATUS_IMPAGATS = Ordainketa gabeak
_KMS_ISP_DOMAIN_ACTIVE_ACTION = Domeinua ongi erregistratuta dago. Egin klik hemen domeinua kudeatzeko.
_KMS_ISP_DOMAIN_UNREG_ACTION = DOMEINUA EZ DAGO ERREGISTRATUTA. Egin klik hemen erregistratzeko.
_KMS_ISP_DOMAIN_EXPIRED_ACTION = DOMEINUA IREKITZEKO EGUNA DA. Egin klik hemen berriro erregistratzeko.
_KMS_ISP_DOMAIN_DELETE_ACTION = DOMEINUA EZ DA ERRENOBADUT. Egin klik hemen kudeatzeko.
_KMS_ISP_DOMAIN_EXT_REG_ACTION = DOMEINUA BESTE HORRELA ERREGISTRATUTA DAGO. Egin klik hemen Intergridera transferitzeko.
_KMS_ISP_DOMAIN_DNS_CONFLICT_ACTION = DOMEINUA NIRE ESTEKO DNSekIN KONFLIKTOA DU. Arazoa izan dezakezu zerbitzuak eskuratzean. Egin klik hemen domeinuaren DNSak kudeatzeko.
_KMS_ISP_HOSTINGS_CH_MANAGE_1 = Oinarrizko hodei aparka. Egin klik hemen kudeatzeko.
_KMS_ISP_HOSTINGS_CH_MANAGE_2 = Profesionala hodei aparka. Egin klik hemen kudeatzeko.
_KMS_ISP_HOSTINGS_CH_MANAGE_3 = Enpresariala hodei aparka. Egin klik hemen kudeatzeko.
_KMS_ISP_HOSTINGS_VH_MANAGE_1 = Oinarrizko Birtuala. Egin klik hemen kudeatzeko.
_KMS_ISP_HOSTINGS_VH_MANAGE_2 = Estandarra Birtuala. Egin klik hemen kudeatzeko.
_KMS_ISP_HOSTINGS_VH_MANAGE_3 = Aurreratua Birtuala. Egin klik hemen kudeatzeko.
_KMS_ISP_HOSTINGS_DH_MANAGE_1 = DS1 Dedikatu. Egin klik hemen kudeatzeko.
_KMS_ISP_HOSTINGS_DH_MANAGE_2 = DS2 Dedikatu. Egin klik hemen kudeatzeko.
_KMS_ISP_HOSTINGS_DH_MANAGE_3 = DS3 Dedikatu. Egin klik hemen kudeatzeko.
_KMS_ISP_HOSTINGS_MCH_MANAGE_1 = Nube Multidomeinua 5. Egin klik hemen kudeatzeko.
_KMS_ISP_HOSTINGS_MCH_MANAGE_2 = Nube Multidomeinua 20. Egin klik hemen kudeatzeko.
_KMS_ISP_HOSTINGS_MCH_MANAGE_3 = Nube Multidomeinua 50. Egin klik hemen kudeatzeko.
_KMS_GL_SERVEI = Produktuak
_KMS_TY_ISP_SITES = Web (KMS Sites) 
_KMS_TY_ISP_EXTRANET = Extranet (KMS)
_KMS_ECOM_PRODUCTS_ALBUM = Albuma
_KMS_ECOM_PRODUCTS_STOCK = Stock-a
_KMS_ECOM_PRODUCTS_ZIPFILE = Zip fitxategia
_KMS_CONTACTS_FROM_WEB = Webgunea
_KMS_WEB_ECOM_COLOR = Kolorea
_KMS_WEB_LEGALCONDITIONS_ERROR = Zerbitzuak erabil ditzakezu denean, erabilera baldintza legalak onartu beharko dituzu.
_KMS_WEB_STOCKEXCEEDED_ERROR = Eskatutako artikulu kopurua gure stocka baino handiagoa da.
_KMS_WEB_ECOM_STATUS_PROCESSING = prozesatzen...
_KMS_WEB_ECOM_DOWNLOAD = Jaitsi
_KMS_WEB_ECOM_THANKSPURCHASE = Eskerrik asko zure erosketagatik!
_KMS_WEB_ECOM_NEWPURCHASE_BODY_ADMIN1 = Berrikusketa berria izen-abizenarekin: 
_KMS_WEB_ECOM_PURCHASEDPRODUCTS = Erositako produktuak
_KMS_WEB_GUESTBOOK_LOGINTOPOST = Izena eman eta mezu bat idatzi laster liburuan.
_KMS_WEB_WEBFORM_CHECKERROR = Zenbaki batzuk osatu gabe daude. Mesedez, berrikusi formularioa.
_KMS_ISP_HOSTINGS_MULTIDOMAIN_DELETE_MSG = Hosting plan hau bertan behera uztea esan nahi duenez, guztiak etxebizitza hartzen dituen domeinuetako datu eta zerbitzu guztiak bertan behera uztea da. Hauetako batzuk dira email-ak, web-orriak, ftp-ak, aplikazioak eta datu-baseak. Ziurtatu nahi duzu jarraitu nahi duzula?
_KMS_ERP_INVOICE_RECTIFICATIVA = Erronka
_KMS_ISP_CP_WELCOME = Ongi etorri zure kontrol-panelera, domeinuak eta haien zerbitzuak kudeatzeko tokia.
_KMS_ERR_FTP1 = Ezin duzu FTP kontu nagusiaren datuak ezabatu.
_KMS_ERR_FTP2 = Erabiltzaile bat dago jadanik izen hauetan sistema. Mesedez, aukeratu beste bat desberdinarekin.
_KMS_ISP_DOMAINS_REGISTER = Zein domeinu erregistratu edo transferitu nahi duzu?
_KMS_LOGIN_FORGET_ERROR = Zure bezero posta elektronikoa sartuz gero, sartzeko datuak bidaliko dizkizugu.
_KMS_LOGIN_FORGET_BODY = EXTRANETetik sartzeko datuak gogoratu beharra izan dugu, hemen dituzu zure datuak:
_KMS_LOGIN_FORGET_SENT = Sarbidea datuak zure bezero posta elektronikoara bidaliak izan dira.
_KMS_ISP_VHOSTS_CONFIGURE = Zein domeinu konfiguratu nahi duzu?
_KMS_ISP_HOSTINGS_NEW = Hosting berria kontratatzea
_KMS_ISP_HOSTING_MANAGE_WARN2 = Aukeratutako paketerako.
_KMS_ISP_HOSTING_FEATURE_PROGRAMMING_EXPLAIN = PHP5, Zend Framework
_KMS_ISP_HOSTING_FEATURE_BANDWIDTH_EXPLAIN = 250 Gbit
_KMS_ISP_HOSTING_FEATURE_WEBMAIL = Webmail
_KMS_ISP_HOSTING_FEATURE_ANTIVIRUS = Antivirus
_KMS_ISP_HOSTING_FEATURE_SLA_EXPLAIN = 99.5% (Internet-Uplinks guztiak alta abiadurarekin atzematen dira)
_KMS_MAIL_SENDCONFIG_EXTRANET_HELPTIP = Sartu zure EXTRANET pribatuera eta zure web-orrien edukia, mailingak eta KMS aplikazioak kudeatu.
_KMS_ISP_HOSTING_MANAGE_WARN4 = Balio handiena hau da
_KMS_ISP_HOSTING_ACCEPT_CHANGES = Kondizioen kontratuak irakurri eta onartzen ditut, eta hostingaren kontratuan aldaketa egin dezan baimen ematen dut.
_KMS_ISP_HOSTING_FEATURE_MONITORING_EXPLAIN = 24/7
_KMS_ISP_HOSTING_FEATURE_NETWORK = Sarea
_KMS_ISP_HOSTING_FEATURE_NETWORK_EXPLAIN = Router Juniper teknologia duen sare bikoitza. %100a switchekin (kolisio gabea)
_KMS_ECOM_TPV_TPV_TERMINAL = Terminala
_KMS_WEB_BLOGS_COMMENTS_IP = IP
_KMS_WEB_BLOGS_COMMENTS_AVATAR = Avatar
_KMS_SOCIAL_APPS_NETWORK = Sarea
_KMS_VIEWS_FIELDS = Eremuak
_KMS_PICTURES_GALLERIES_FLASHVARS = Flashvars
_KMS_PICTURES_GALLERIES_HANDLEOVERSIZE = Handitako tamaina kudeatu
_KMS_PICTURES_GALLERIES_HANDLEUNSUPPORTED = Babestu gabekoak kudeatu
_KMS_PICTURES_GALLERIES_TROUBLEELEMENTS = Arazoak
_KMS_DOMAIN_NAMES_AUTORENEW = Berezko berriztapena
_KMS_DOMAIN_NAMES_AUTHCODE = Authcode
_KMS_WEB_LANG_US = Ingelesa/EEUU
_KMS_WEB_SITES_SITEMENU = Sitemenua
_KMS_ISP_HOSTINGS_TRANSFER_EXPLAIN = Transmisioa hilabeteko. Bezero eta zerbitzarien artean bidali eta jasotako datu kopuruari dagokionez balio hau hartzen du. Balio hau funtzionamenduaren 30. egunean hartzen du balio.
_KMS_ISP_HOSTINGS_SPACE_EXPLAIN = Datuen biltegiratze gaitasuna. Datu guztiak hartan hartzen diren espazioa. (Web-fitxategiak, posta elektronikoa, datu-baseak eta babes kopiak barne)
_KMS_DOCS_PICTURES_ALBUM = Albuma
_KMS_DOCS_PICTURES_ALBUM_ID = Album ID
_KMS_CONTACTS_ENTITIES_CIF = CIF / NIF
_KMS_CONTACTS_PROVIDERS_ENTITY_ID = ID
_KMS_SITES_URL_BASE = URL
_KMS_SITES_CHARSET = Karaktere multzoa
_KMS_SITES_ROBOTS = Robotak
_KMS_SITES_META_TITLE = Meta Izenburua
_KMS_SITES_META_DESCRIPTION = Meta Deskribapena
_KMS_SITES_META_KEYWORDS = Meta Gako-hitzak
_KMS_SITES_FAVICON = Favicon (.png edo .gif 16x16)
_KMS_SITES_FOOTER = Azpia
_KMS_SITES_COPYRIGHT = Copyright
_KMS_SITES_LANG_ES = Gaztelania
_KMS_SITES_BLOGS_POSTS_BLOGID = Blog ID
_KMS_ERP_CONTRACTS_EXTRA = Gehigarria
_KMS_SYS_LANG_ES = Gaztelania
_KMS_SYS_LANG_EU = Euskara
_KMS_SITES_LINKS_COUNT = Kontadorea
_KMS_SITES_LINKS_TARGET = Irekia
_KMS_SITES_COUNTRIES_AREA = Eremua
_KMS_SYS_VIEWS_FIELDS = Eremuak
_KMS_SYS_VIEWS_ORDERBY = Ordenatu
_KMS_SYS_VIEWS_GROUPBY = Taldeatu
_KMS_SYS_VIEWS_EXTENDED = Hedatua
_KMS_SYS_VIEWS_ORDERNUM = Orden-kopurua
_KMS_SITES_BLOGS_COMMENTS_ID_POST = Post ID
_KMS_SITES_BLOGS_COMMENTS_AVATAR = Avatar
_KMS_ECOM_TPV_PAYMENT_OK = Eskerrik asko. Zure ordaina ongi burutu da.
_KMS_GL_UNDER_CONSTRUCTION = Sentitzen dugu, momentuz zerbitzu hau ez dagoela eskuragarri.
_KMS_GL_RESULTS_FOR = Emaitzak
_KMS_SYS_EXTRANET_CLIENT_COLOR1 = Kolorea 1
_KMS_SYS_EXTRANET_CLIENT_COLOR2 = Kolorea 2
_KMS_SYS_EXTRANET_CLIENT_COLOR3 = Kolorea 3
_KMS_SYS_EXTRANET_CLIENT_COLOR4 = Kolorea 4
_KMS_SYS_APPS_INTERFACE = Interfazea
_KMS_ISP_SERVERS_IP = IP
_KMS_ISP_EXTRANETS_DBHOST = DBHost
_KMS_ISP_EXTRANETS_DBPORT = Portua
_KMS_ISP_SERVERS_DC = Datu-centroa
_KMS_ISP_SERVERS_CPUS = CPU
_KMS_ISP_SERVERS_RAM = Memoria (RAM)
_KMS_ISP_SERVERS_DISK = Disko gogorra bikoitza
_KMS_ISP_SERVERS_RAID = Raid
_KMS_ERP_FINANCE_BANKs_ACCOUNTS_IBAN = IBAN
_KMS_ERP_FINANCE_BANKs_ACCOUNTS_IBAN_PAPER = Iban paper
_KMS_ERP_FINANCE_BANKs_ACCOUNTS_BIC-SWIFT = BIC Swift
_KMS_SYS_SESSIONS_IP_ADDRESS = IP
_KMS_CONTACTS_CLIENTS_VR_CIF = CIF
_KMS_DOCS_PICTURES_GALLERIES_FLASHVARS = Flashvars
_KMS_DOCS_PICTURES_GALLERIES_HANDLEOVERSIZE = Handitako tamaina kudeatu
_KMS_DOCS_PICTURES_GALLERIES_HANDLEUNSUPPORTED = Babestu gabekoak kudeatu
_KMS_DOCS_PICTURES_GALLERIES_ONCHANGE = Aldaketa bat gertatzen denean
_KMS_DOCS_PICTURES_GALLERIES_ONCLOSE = Itxierakoan
_KMS_DOCS_PICTURES_GALLERIES_ONFINISH = Amaieran
_KMS_DOCS_PICTURES_GALLERIES_ONOPEN = Irekierakoan
_KMS_DOCS_PICTURES_GALLERIES_OVERLAYCOLOR = Estalkiaren kolorea
_KMS_DOCS_PICTURES_GALLERIES_OVERLAYOPACITY = Estalkiaren opakotasuna
_KMS_DOCS_PICTURES_GALLERIES_RESIZEDURATION = Tamaina aldatzeko iraupena
_KMS_DOCS_PICTURES_GALLERIES_TROUBLEELEMENTS = Arazo-elementuak
_KMS_SITES_MENUS_TARGET = Helburua
_KMS_SITES_LANG_EU = Euskara
_KMS_ECOM_SALES_SR_FAMILY = Familia
_KMS_ECOM_SALES_ISCLIENT = Zara bezeroa?
_KMS_ECOM_SERVICES_NAME_ES = Gaztelania
_KMS_ECOM_SERVICES_NAME_EU = Euskara
_KMS_GL_PERIOD_2M = Bi hilabete
_KMS_ISP_DNS_RECS_HOST = Host
_KMS_ISP_DNS_RECS_TIME_STAMP = Denbora-txostena
_KMS_ISP_HOSTINGS_SERVICE_SSH = SSH
_KMS_ISP_HOSTINGS_SERVICE_MAILMAN = Mailman
_KMS_WEB_TXT_UPDATED_BROWSER2 = <p>Webgune honetan ondo nabigatzeko, mesedez, eguneratu zure nabigatzailea.</p>
_KMS_ISP_DOMAINS_PRIVATE_WHOIS = WHOIS Pribatua aktibatu
_KMS_DATAEDITOR_MANDATORY_FIELD = Eremua ezin da hutsik utzi
_KMS_ERR_VALIDATE_NAMESERVER = Izena-emate zerbitzaria okerra
_KMS_ISP_HOSTING_FEATURE_ARQ = Arkitektura
_KMS_GL_DELIVERY = Entrega
_KMS_ISP_HOSTING_FEATURE_DELIVERY_EXPLAIN = 24 ordu baino gutxiagoko
_KMS_TY_ISP_DATACENTER_TIER3 = Datu Merke maila TIER-3
_KMS_ISP_HOSTING_FEATURE_WEBSERVER = WEB/FTP zerbitzaria
_KMS_ISP_HOSTING_FEATURE_MYSQL = MySQL BBDD zerbitzaria
_KMS_ISP_HOSTING_FEATURE_MAIL = Posta zerbitzaria
_KMS_ISP_HOSTING_FEATURE_DNSSERVER = DNS zerbitzaria
_KMS_ISP_SELECT_SERVER = Hautatu zerbitzaria
_KMS_ISP_HOSTING_FEATURE_CP_EXPLAIN = Intergrid Kontrol Panela. Erraza eta intuitiboa.
_KMS_ISP_HOSTING_FEATURE_WEBSERVER_EXPLAIN = Apache 2.2.3, PHP 5.3.3, Zend Engine v.2.3.0, ProFTPD v.1.3.4
_KMS_ISP_HOSTING_FEATURE_MYSQL_EXPLAIN = MySQL 5.1.50
_KMS_ISP_HOSTING_FEATURE_DNSSERVER_EXPLAIN = BIND 9.3 Zerbitzaria
_KMS_ISP_MAILBOXES_SPAMFILTER_EXPLAIN = Antispam, Antiphishing eta Antivirus
_KMS_ISP_HOSTING_FEATURE_ALERTS = Email bidezko oharrak
_KMS_ISP_HOSTING_EXTRA_SERVICES = Zerbitzu gehigarriak
_KMS_ISP_SERVERS_NIC = NIC
_KMS_ISP_SERVERS_NIC_EXPLAIN = 1 GBit 100 Mbps-ean konektatua
_KMS_ISP_HOSTING_FEATURE_SUBNET = IPv6 (/64) gehigarri Subxarxa
_KMS_ISP_HOSTING_FEATURE_SUPPORT_EMAIL = Emailen laguntza
_KMS_WEB_ECOM_TAXNOTINCLUDED = * 21% BEZa barne
_KMS_ISP_SERVERS_VCPUS = vCPUs
_KMS_ISP_MAILING_SERVICE = Zerbitzu
_KMS_ISP_MAILING_FEATURE_CLOUDBASED = Zerbitzu nubeari oinarritua
_KMS_GL_DATETIME = Data / Ordua
_KMS_SYS_INTERFACES_VISIBLE = Ikusgarria
_KMS_SYS_INTERFACES_DEFAULT = Berezkoa
_KMS_SYS_INTERFACES_OWNER = Jabea
_KMS_SYS_INTERFACES_GROUP = Taldea
_KMS_SYS_INTERFACES_SHOW_VIEWS = Ikusi bistak
_KMS_SYS_INTERFACES_SORT_ORDER = Ordena
_KMS_SYS_INTERFACES_ALLOWED_TAGTYPES = Onartutako etiketa-mota
_KMS_SYS_INTERFACES_DEFAULT_VIEW = Bistaren bista lehenetsia
_KMS_SYS_INTERFACES_SHOW_TAGS = Ikusi etiketak
_KMS_SITES_THEMES_GROUP_MENU = Menua
_KMS_SITES_UNDER = Webgunea mantenu moduan
_KMS_GL_GO = Hasieratu
_KMS_GL_SEND = Bidali
_KMS_MAILING_REPORT_NOTOPENED = Entregatuak baina ireki gabeak
_KMS_ECOM_DEF_LIST = Zerrenda
_KMS_TY_ENT_CREDITORS = Kreditoreak
_KMS_TY_CONTACTS = Harremanak
_KMS_ISP_HOSTING_FEATURE_SSD120 = SSD 120 GB diskoa
_KMS_ISP_HOSTING_FEATURE_SSD240 = SSD 240 GB diskoa
_KMS_ENT_CONTACTS_SECTOR = Sektorea
_KMS_ENT_CONTACTS_CIF = CIF / NIF
_KMS_ENT_CONTACTS_CONTACTS = Harremanak
_MB_START = Hasiera
_KMS_TY_MAILINGS = Postak
_KMS_MAILINGS_TO_GROUP = Talderako bidali
_KMS_MAILINGS_TO_LOCATION = Hiria
_KMS_MAILINGS_TO_LANGUAGE = Hizkuntza
_KMS_MAILINGS_BODY = Mezua
_KMS_MAILINGS_SHOW_INTERGRID_LABEL = Intergriden logoa erakutsi
_KMS_IMARK_DOWNLOAD_XLS_DB = Deskargatu Excel egitura (.XLS)
_KMS_IMARK_MAILINGS_FROM = Bidaltzailearen izena
_KMS_LIB_PICTURES_ALBUM_ID = Albuma
_KMS_ENT_CONTACTS_CONTACT_ROLE = Kargua
_KMS_MAILINGS_FROM = Hemendik
_KMS_DOCS_ARTICLES_SHORT_BODY = Testu laburra
_KMS_SITES_COMMENTS_COMMENT = Iruzkinak
_KMS_SITES_COMMENTS_AVATAR = Avatarra
_KMS_SITES_THEMES_LOGO_TEXT_COLOR = Logoaren textuaren kolorea
_KMS_SITES_THEMES_BUTTON_STYLE = Botoien estila
_KMS_SITES_THEMES_BORDER_RADIUS = Altzarien erradioa
_KMS_SITES_THEMES_LANGUAGE_SELECTOR = Hizkuntza hautatzailea
_KMS_SITES_THEMES_TOP_TEXT_COLOR = Goiko textuaren kolorea
_KMS_SITES_THEMES_ACCESSIBILITY_OPTIONS = Sarbide aukerak
_KMS_SITES_THEMES_SITESEARCH = Gunearen Bilaera
_KMS_SITES_GALLERIES_THEME = Gaia
_KMS_SITES_GALLERIES_EFFECT = Efektua
_KMS_SITES_GALLERIES_ANIMSPEED = Efektuaren abiadura
_KMS_SITES_GALLERIES_PAUSETIME = Itxaroteko denbora
_KMS_SITES_GALLERIES_PAUSEONHOVER = Gainetik pasatzean pausatzea
_KMS_SITES_GALLERIES_MANUALADVANCE = Aurreratu eskuz
_KMS_SITES_GALLERIES_RANDOMSTART = Hasiera aleatorioa
_KMS_SITES_PLUGINS_NETWORK = Sarea
_KMS_SITES_PLUGINS_CALLBACK_URL = Callback URL
_KMS_SITES_PLUGINS_ACCESS_TYPE = Sarrera-mota
_KMS_SITES_PLUGINS_ICON = Ikonoa
_KMS_SITES_PLUGINS_API_CONSUMER_KEY = API Erabiltzaile Giltza
_KMS_SITES_PLUGINS_API_SECRET_KEY = API Sekretu Giltza
_KMS_ENT_CLIENTS_FORCE_PAYMENT_DAY = Ordainketa eguna behartu
_KMS_ENT_CLIENTS_DEFAULT_PAYMENT_DAY = Ordainketa eguna (1-28)
_KMS_ENT_CLIENTS_COMAGENT = Merkataritza agentea
_KMS_ENT_CLIENTS_VR_CIF = CIF/NIF
_KMS_ENT_CLIENTS_CANCELLATION_DATE = Baixa data
_KMS_ENT_CLIENTS_BANK_ACCOUNTNUMBER = Banku kontu zenbakia
_KMS_ENT_CLIENTS_DISCOUNT_PC = Deskontua aplikatu (%)
_KMS_ENT_CLIENTS_PAYMENT_STATUS = Ordainketa egoera
_KMS_ENT_CLIENTS_BANK_NAME = Bankuaren izena
_KMS_ENT_CLIENTS_COMESFROM = Hemendik etorria
_KMS_MAILING_REPORT_DOWNLOADFULLREPORT = Erabili informe osoa eskuratzeko, deskargatu Excel formatuko informea.
_KMS_IMARK_MAILINGS_FROM_SELECT = Bidaltzailea
_KMS_IMARK_MAILINGS_MAIL_CONTENT = Edukia
_KMS_IMARK_MAILINGS_OPTIONS = Aukerak
_KMS_TY_ECOM_TPV_TRANSACTIONS = TPV ordainketa
_KMS_SITES_THEMES_TOP_HEIGHT = Goiko altuera
_KMS_SITES_THEMES_SEARCH_STYLE = Bilaeraren estila
_KMS_ECOM_CATALOGS_PRODUCT_ID = Produktuak
_KMS_ECOM_CATALOGS_FAMILY_ID = Familia
_KMS_ECOM_CATALOGS_SUBFAMILY_ID = Sub-familia
_KMS_DOCS_ARTICLES_BLOGID = Blog
_KMS_DOCS_ARTICLES_LECTURES = Irakurketa
_KMS_WEB_BLOG_COMMENTS_ADVICE = Onartzen ditut webgune honen erabilera baldintzak
_KMS_GL_TAGS = Etiketak
_KMS_WEB_CATALOG_NOPRODUCTS = Ez dago produkturik kategoria honetan.
_KMS_GL_NO = Ez
_KMS_ISP_DOMAINS_NAMESERVERS = Izen zerbitzariak (DNS)
_KMS_ISP_DOMAINS_NOTIFY_REGISTER_SUBJECT = DOMAIN.TLD domeinua ongi erregistratu da
_KMS_SITES_THEMES_TOP_WIDE_BG_COLOR = Goiko alboko atzeko kolorea
_KMS_WEB_GL_OR = edo
_KMS_TY_SURNAME = Abizena
_KMS_ENT_CLIENTS_TREATMENT = Tratamendua
_KMS_ECOM_INVOICES_PAYMENT_DATE = Ordainketa data
_KMS_GL_CLIENT_ID = Bezeroa
_KMS_ECOM_INVOICES_CONCEPT = Kontzeptua
_KMS_TY_ECOM_INVOICES = Fakturak
_KMS_GL_SERIE = Serie
_KMS_ECOM_INVOICES_CLIENT_DATA = Bezeroaren datuak
_KMS_ECOM_INVOICES_PRICE_VALUES = Prezioak
_KMS_ECOM_INVOICES_UNITS_VALUES = Unitateak
_KMS_ECOM_INVOICES_BASE = Oinarri gainontzeko
_KMS_ECOM_INVOICES_TAX_PERCENT = BEZa (%)
_KMS_ECOM_INVOICES_TOTAL_TAX = BEZa guztira
_KMS_ECOM_INVOICES_DISCOUNT = Deskontua
_KMS_ECOM_INVOICES_BANK_CHARGES = Bankuaren kargak
_KMS_ECOM_INVOICES_REMITTANCE_ID = Baimen-emanda
_KMS_GL_CIF = CIF
_KMS_GL_SURNAME = Abizena
_KMS_ISP_BILLING_CLIENT_1 = Nire kontua (Reseller)
_KMS_ISP_BILLING_CLIENT_2 = Zuzenean bezeroari
_KMS_ISP_CLIENTS_BILLING_CLIENT = Bezeroaren zerbitzuak ordaintzeko
_KMS_ERP_BILLING_CLIENT_2 = Zuzenean bezeroari
_KMS_ERP_BILLING_CLIENT_1 = Reseller kontura
_KMS_ENT_CLIENTS_BILLING_CLIENT = Bezeroaren zerbitzuak ordaintzeko
_KMS_ERP_REPORT_GENERATE_INVOICE = Faktura PDF
_KMS_ENT_CONTACTS_TREATMENT = Tratamendua
_KMS_WEB_LANG_EU = Euskara
_KMS_WEB_BLOGS_LASTPOSTS = <p>Azken artikuluak argitaratuak</p>
_KMS_WEB_NO_CATEGORIES = <p>Ez da kategoriarik definitu.</p>
_KMS_USED_SPACE = Erabilitako espazioa
_KMS_SITES_PAGES_HIDE_LEFTCOL = Ezkerrerako zutabean ezkutatu
_KMS_ISP_DOMAINS_AUTHCODE = Authcode
_KMS_SITES_GALLERIES_ZOOMONCLICK = Argazkiak klik egiten denean handitu
_KMS_TY_IMARK = Marketing
_KMS_ERP_PAYMENTM_PAYPAL = PayPal
_KMS_ISP_HOSTINGS_RESTORE_PERM = Baimenak berrezarri
_KMS_ISP_HOSTINGS_RESTORE_PERM_OK = Baimenak berrezarri dira.
_KMS_GL_REQUIREDFIELD = * Eremu beharrezkoa
_KMS_ISP_DNS_RECS_TARGET = Helburua
_KMS_ISP_DNS_RECS_SERVICE_PROTO = Zerbitzu.Protokoloa
_KMS_ISP_MAILBOXES_SMTP_PORT = SMTP bidalketakaren portua: <strong>587</strong><br />Zerbitzu segurua: <strong>TLS</strong><br />IMAP sarbidea: <strong>143</strong><br />Zerbitzu segurua: <strong>SSL/TLS</strong><br /><br />
_KMS_GL_CAPTION = Goiburua
_KMS_MAIL_SENDCONFIG_FTP_CHECK_SUCCESFUL = Aktiboa
_KMS_GL_BASEHTMLPATH = HTML atalaren bidea
_KMS_IMARK_MAILINGS_PREVIEW_TEXT = Aurrebista testua
_KMS_SERVICE_NOT_PURCHASED = Zerbitzua ez da erosita.
_KMS_GL_ADDING = Gehitzen
_KMS_GL_UNSUBSCRIBING = Baja ematen
_KMS_GL_DISABLING = Desgaitzen
_KMS_GL_DELETING = Ezabatzen
_KMS_GL_MOVING = Mugitzen
_KMS_GL_DELETING_ALL_GROUP = Taldeko kontakto guztiak ezabatzen
_KMS_GL_DELETING_DUPPED = Bikoiztuak ezabatzen
_KMS_GL_FROM_THIS_GROUP = Talde honetatik
_KMS_GL_INVALID = BALIOGABEA
_KMS_GL_GROUP_ALREADY_EXISTS = Taldea dagoeneko existitzen da
_KMS_GL_THE_EMAIL = posta elektronikoa
_KMS_GL_DOES_NOT_EXIST = datu-basean ez dago
_KMS_GL_UPDATED_GROUP = taldea eguneratua
_KMS_ISP_MAILBOXES_OUT_POP_PORT = 25 edo 25025
_KMS_ISP_MAILBOXES_SECURITY_NONE = bat ere ez
_KMS_ISP_MAILBOXES_OUTGOING_REQUIRES_AUTH = Posta elektronikoa bidaltzeko zerbitzariak beti eskatzen du "Pasahitza Normala" autentifikazioa
_KMS_ISP_MAILBOXES_PASSWORD = Pasahitza
_KMS_ISP_MAILBOXES_PASSWORD_HINT = Mesedez, adierazi kontuaren pasahitza.
_KMS_ISP_MAILBOXES_ACCOUNTTYPE_POP_DISCLAIMER = Kontua POP bezela konfiguratzea nahi baduzue (Ez da gomendatzen), posta elektronikoa konfiguratzeko laguntza eskatu suport@intergrid.cat helbidean.
_KMS_ECOM_BUDGETS_REQUESTED_BY = Eskatzailea
_KMS_ISP_MAILBOXES_CLIENT_CONFIG = Posta elektronikoaren bezeroaren konfigurazioa
_KMS_ISP_MAILBOXES_INCOMING_HOST = Sarrerako posta zerbitzariaren izena
_KMS_ISP_MAILBOXES_OUTGOING_HOST = Irteerako posta zerbitzariaren izena
_KMS_ISP_MAILBOXES_SSL_OPTIONS = Irteerako posta zerbitzariarentzako bi konexio eta segurtasun aukera izan ditzakezue:
_KMS_ISP_MAILBOXES_IN_PORT = Sarrerako posta zerbitzarirako porta:
_KMS_ISP_MAILBOXES_REQUIRES_AUTH = Irteerako posta zerbitzariak autentifikazioa eskatzen du
_KMS_ISP_MAILBOXES_WEBMAIL = WEBMAIL zerbitzua
_KMS_SERVICES_DATABASES = Datu-baseak
_KMS_SERVICES_FTP_OTHER_ACCOUNTS_HEADER = Beste FTP kontuak
_KMS_SERVICES_FTP_USERNAME = Erabiltzailea
_KMS_SERVICES_FTP_PASSWORD = Pasahitza
_KMS_SERVICES_FTP_FOLDER = Karpeta
_KMS_GL_WEBSERVER_ID = Web zerbitzaria
_KMS_GL_MAILSERVER_ID = Posta zerbitzaria
_KMS_GL_REGISTRAR = Erregistratzailea
_KMS_GL_VR_TOTAL_SPACE_USAGE = Espazioa erabilita
_KMS_SERVICES_FTP_CHECK = _KMS_MAIL_SENDCONFIG_THANKS
_KMS_ISP_MAILBOXES_SSL_INCOMING_OPTIONS = Sarrerako posta zerbitzariarentzako bi konexio eta segurtasun aukera izan ditzakezue:
_KMS_ISP_MAILBOXES_SSL_OUTGOING_OPTIONS = Irteerako posta zerbitzariarentzako bi konexio eta segurtasun aukera izan ditzakezue:
_KMS_ISP_MAILBOXES_SSL_AUTHENTICATION = Zerbitzariak autentifikazioa eskatzen du. Modua:
_KMS_ISP_MAILBOXES_SSL_AUTHENTICATION_REQUIRED = Pasahitza Normala
_KMS_IMARK_PREVIEW_TEXT_EXPLAIN = Aurrebista testua ikusi eta hurrengo mezuak erakusten den modua erakusteko.
_KMS_ISP_MAILBOXES_CLIENT_CONFIG_TXT1 = Mail kliente ohikoak konfiguratzeko laguntza gure webgunean eskuratu dezakezu.
